// Jest Snapshot v1, https://goo.gl/fbAQLP

exports[`Game Test should render game 1`] = `
<div>
  <div />
</div>
`;
