// Jest Snapshot v1, https://goo.gl/fbAQLP

exports[`App Test should render app 1`] = `
<div>
  <div
    class="App"
  >
    <header
      class="App-header"
    >
      <p>
        Lets's Play Tic Tac Toe :)
      </p>
    </header>
    <button
      class="py-2 px-4 font-semibold rounded-lg shadow-md text-white bg-red-500 hover:bg-green-700"
    >
      Click me
    </button>
  </div>
</div>
`;
